Command line invocation:
    /Applications/Xcode.app/Contents/Developer/usr/bin/xcodebuild -project iosApp/iosApp.xcodeproj -scheme iosApp -configuration Debug -sdk iphonesimulator -destination "platform=iOS Simulator,id=5CB2AEA8-EF44-4B86-9BC2-009556D33985" build

Build settings from command line:
    SDKROOT = iphonesimulator26.2

Resolve Package Graph


Resolved source packages:
  RevenueCat: https://github.com/RevenueCat/purchases-ios-spm @ 5.60.0
  PurchasesHybridCommon: https://github.com/RevenueCat/purchases-hybrid-common @ 17.42.0

ComputePackagePrebuildTargetDependencyGraph

Prepare packages

CreateBuildRequest

SendProjectDescription

CreateBuildOperation

ComputeTargetDependencyGraph
note: Building targets in dependency order
note: Target dependency graph (11 targets)
    Target 'iosApp' in project 'iosApp'
        ➜ Explicit dependency on target 'PurchasesHybridCommonUI' in project 'PurchasesHybridCommon'
        ➜ Explicit dependency on target 'PurchasesHybridCommon' in project 'PurchasesHybridCommon'
    Target 'PurchasesHybridCommon' in project 'PurchasesHybridCommon'
        ➜ Explicit dependency on target 'PurchasesHybridCommon' in project 'PurchasesHybridCommon'
        ➜ Explicit dependency on target 'RevenueCat' in project 'RevenueCat'
    Target 'PurchasesHybridCommonUI' in project 'PurchasesHybridCommon'
        ➜ Explicit dependency on target 'PurchasesHybridCommonUI' in project 'PurchasesHybridCommon'
        ➜ Explicit dependency on target 'PurchasesHybridCommon' in project 'PurchasesHybridCommon'
        ➜ Explicit dependency on target 'RevenueCat' in project 'RevenueCat'
        ➜ Explicit dependency on target 'RevenueCatUI' in project 'RevenueCat'
    Target 'PurchasesHybridCommonUI' in project 'PurchasesHybridCommon'
        ➜ Explicit dependency on target 'PurchasesHybridCommon' in project 'PurchasesHybridCommon'
        ➜ Explicit dependency on target 'RevenueCat' in project 'RevenueCat'
        ➜ Explicit dependency on target 'RevenueCatUI' in project 'RevenueCat'
    Target 'RevenueCatUI' in project 'RevenueCat'
        ➜ Explicit dependency on target 'RevenueCatUI' in project 'RevenueCat'
        ➜ Explicit dependency on target 'RevenueCat_RevenueCatUI' in project 'RevenueCat'
        ➜ Explicit dependency on target 'RevenueCat' in project 'RevenueCat'
    Target 'RevenueCatUI' in project 'RevenueCat'
        ➜ Explicit dependency on target 'RevenueCat_RevenueCatUI' in project 'RevenueCat'
        ➜ Explicit dependency on target 'RevenueCat' in project 'RevenueCat'
    Target 'RevenueCat_RevenueCatUI' in project 'RevenueCat' (no dependencies)
    Target 'PurchasesHybridCommon' in project 'PurchasesHybridCommon'
        ➜ Explicit dependency on target 'RevenueCat' in project 'RevenueCat'
    Target 'RevenueCat' in project 'RevenueCat'
        ➜ Explicit dependency on target 'RevenueCat' in project 'RevenueCat'
        ➜ Explicit dependency on target 'RevenueCat_RevenueCat' in project 'RevenueCat'
    Target 'RevenueCat' in project 'RevenueCat'
        ➜ Explicit dependency on target 'RevenueCat_RevenueCat' in project 'RevenueCat'
    Target 'RevenueCat_RevenueCat' in project 'RevenueCat' (no dependencies)

GatherProvisioningInputs

CreateBuildDescription

ExecuteExternalTool /Applications/Xcode.app/Contents/Developer/Toolchains/XcodeDefault.xctoolchain/usr/bin/clang -v -E -dM -isysroot /Applications/Xcode.app/Contents/Developer/Platforms/iPhoneSimulator.platform/Developer/SDKs/iPhoneSimulator26.2.sdk -x c -c /dev/null

ExecuteExternalTool /Applications/Xcode.app/Contents/Developer/Toolchains/XcodeDefault.xctoolchain/usr/bin/swiftc --version

ExecuteExternalTool /Applications/Xcode.app/Contents/Developer/usr/bin/actool --print-asset-tag-combinations --output-format xml1 /Users/hieuvu/Projects/supabase-storage-client/iosApp/iosApp/Preview Content/Preview Assets.xcassets /Users/hieuvu/Projects/supabase-storage-client/iosApp/iosApp/Assets.xcassets

ExecuteExternalTool /Applications/Xcode.app/Contents/Developer/usr/bin/ibtool --version --output-format xml1

ExecuteExternalTool /Applications/Xcode.app/Contents/Developer/usr/bin/actool --version --output-format xml1

ExecuteExternalTool /Applications/Xcode.app/Contents/Developer/Toolchains/XcodeDefault.xctoolchain/usr/bin/ld -version_details

ReadFileContents /Applications/Xcode.app/Contents/Developer/Toolchains/XcodeDefault.xctoolchain/usr/share/docc/features.json

Build description signature: 653a698291ca173d414daa277af8af20
Build description path: /Users/hieuvu/Library/Developer/Xcode/DerivedData/iosApp-bizzlwxnbcgzzldgvticrfgfpivi/Build/Intermediates.noindex/XCBuildData/653a698291ca173d414daa277af8af20.xcbuilddata
error: unable to attach DB: error: accessing build database "/Users/hieuvu/Library/Developer/Xcode/DerivedData/iosApp-bizzlwxnbcgzzldgvticrfgfpivi/Build/Intermediates.noindex/XCBuildData/build.db": database is locked Possibly there are two concurrent builds running in the same filesystem location.
note: Run script build phase 'Compile Kotlin Framework' will be run during every build because the option to run the script phase "Based on dependency analysis" is unchecked. (in target 'iosApp' from project 'iosApp')
** BUILD FAILED **


The following build commands failed:
	Building project iosApp with scheme iosApp and configuration Debug
(1 failure)
